[Me]:     GaoPin has joined
[Me]:     ShenXingyi has joined
[Me]:     ShenXingyi: hi
[Me]:     GaoPin: hallo
[Me]:[Me]:     User ChunXing
[Me]:     User has no nickname
[Me]:     User is not muted
[Me]:[Me]:     User ShenXingyi
[Me]:     User has no nickname
[Me]:     User is not muted
[Me]:[Me]:     User GaoPin
[Me]:     User has no nickname
[Me]:     User is not muted
[Me]:     GaoPin set ShenXingyi's nickname to ChenXiao
[Me]:     ChenXiao:Hi!
[Me]:[Me]:     User ShenXingyi
[Me]:     Nickname ChenXiao
[Me]:     User is not muted
[Me]:[Me]:     User GaoPin
[Me]:     User has no nickname
[Me]:     User is not muted
[Me]:     GaoPin changed their name to ShaoDongjia
[Me]:     ShaoDongjia:This is my new name.
[Me]:     ZhouYing:......
[Me]:     ShenXingyi set ShenXingyi's nickname to Hallo
[Me]:     Hallo:hi
[Me]:     ZhouYing set ZhouYing's nickname to SunLi
[Me]:     SunLi:lalala
[Me]:     ZhouYing has cleared ZhouYing's nickname
[Me]:     ZhouYing has cleared ShenXingyi's nickname
[Me]:     ZhaoBaishi:It's a nice day, isn't it?
[Me]:[Me]:     ShenXingyi:No, it's not!
[Me]:[Me]:     User ShenXingyi
[Me]:     User has no nickname
[Me]:     User is not muted
[Me]:     ShaoDongjia:HAHAHA***~~
[Me]:     ShaoDongjia:Whole Almonds.
[Me]:     ShaoDongjia set ShenXingyi's nickname to ErShaoYe
[Me]:     ShaoDongjia:talk talk talk bia bia bia
[Me]:     ErShaoYe:blablablablabla
[Me]:     ErShaoYe:FRESHLY HARVESTED FROM FAMILY IN CALIFORNIA
[Me]:[Me]:     User ShenXingyi
[Me]:     Nickname ErShaoYe
[Me]:     User is not muted
[Me]:     ShaoDongjia has left
[Me]:[Me]:     Incorrect arguments for show_status command
[Me]:[Me]:     ErShaoYe:^_^
[Me]:     ShenXingyi has left
[Me]:     ZhouYing has left
[Me]:[Me]:     Server has disconnected
