[Me]:     GaoPin has joined
[Me]:     ShenXingYi has joined
[Me]:     ShenXingYi: Hi!
[Me]:     ShenXingYi:hahahahahhahahahahhahahahahhahahahahhahahahahhahahahahhahahahahhahahahahiiiiiiiidsvdsadsadsasahahahahahhahahahahhahahahahhahahahahhahahahahhahahahahhahahahahhahahahahiiiiiiiidsvdsadsadsasahahahahahhahahahahhahahahahhahahahahhahahahahhahahahahhahahahahhahahahahiiiiiiiidsvdsadsadsasahahahahahhahahahahhahahahahhahahahahhahahahahhahahahahhahahahahhahahahahiiiiiiiidsvdsadsadsasahahahahahhahahahahhahahahahhahahahahhahahahahhahahahahhahahahahhahahahahiiiiiiiidsvdsadsadsasahahahahahhahahahahhahahahahhahahahahhahahahahhahahahahhahahahahhahahahahiiiiiiiidsvdsadsadsasahahahahahhahahahahhahahahahhaahahahhahahahahhahahahahhahahahahhahahahahiiiiiiiidsvdsadsadsasahahahahahhahahahahhahahahahhahahahahiiiiidssadasadsasahahahahahhahahahahhahahahahhahahahahhahahahahhahahahahiiiii
[Me]:     ShenXingYi set ShenXingYi's nickname to ErShaoYe
[Me]:     GaoPin has left
[Me]:     ShenXingYi set ChunXing's nickname to GaoPin
[Me]:[Me]:[Me]:     You set your nickname to Xinger
[Me]:[Me]:[Me]:     You have cleared your nickname
[Me]:[Me]:[Me]:     You have cleared your nickname
[Me]:[Me]:[Me]:     You have changed your name to ChunXinger
[Me]:[Me]:     ShenXingYi changed their name to NanZhu
[Me]:     ErShaoYe:hi
[Me]:     ErShaoYe:clear_nickname NanZhu
[Me]:     ErShaoYe:hihihi
[Me]:     NanZhu changed their name to GaoPin
[Me]:[Me]:     ZhaoBaiShi has left
[Me]:     DaDangJia changed their name to ZhaoBaiShi
[Me]:     ZhaoBaiShi:lalalala
[Me]:     ErShaoYe:en
[Me]:[Me]:     Incorrect arguments for set_nickname command
[Me]:[Me]:     Incorrect arguments for mute command
[Me]:[Me]:     Incorrect arguments for clear_nickname command
[Me]:[Me]:     Incorrect arguments for mute command
[Me]:[Me]:     ErShaoYe: i can still speak!!
[Me]:     GaoPin changed their name to ChenXiao
[Me]:     ErShaoYe: i can still speak!!!!
[Me]:     ZhouLaoSi has left
[Me]:[Me]:     Incorrect arguments for unmute command
[Me]:[Me]:     User ZhaoBaiShi is no longer muted
[Me]:[Me]:     User QianHong is now muted
[Me]:[Me]:     User QianHong is no longer muted
[Me]:     QianHong:hello
[Me]:[Me]:     Incorrect arguments for unmute command
[Me]:[Me]:     Incorrect arguments for unmute command
[Me]:[Me]:     Incorrect arguments for mute command
[Me]:[Me]:     Incorrect arguments for mute command
[Me]:[Me]:     Incorrect arguments for mute command
[Me]:[Me]:     Incorrect arguments for mute command
[Me]:[Me]:     User ZhouYing is now muted
[Me]:[Me]:     User ZhouYing is no longer muted
[Me]:     ZhouYing:hihihi
[Me]:[Me]:     Incorrect arguments for show_status command
[Me]:[Me]:     User ZhaoBaiShi
[Me]:     User has no nickname
[Me]:     User is not muted
[Me]:[Me]:     Incorrect arguments for show_status command
[Me]:     ZhouYing has cleared ZhouYing's nickname
[Me]:     ZhouYing changed their name to SunLi
[Me]:     SunLi has left
[Me]:     ErShaoYe:hi
[Me]:     ErShaoYe:\    rename  lallalalaal
[Me]:     ErShaoYe:hallo
[Me]:     ErShaoYe:\    rename  lallalalaallala
[Me]:     ErShaoYe:hallo
[Me]:[Me]:[Me]:     User BaoLai is now muted
[Me]:     BaoLai has left
[Me]:[Me]:     ErShaoYe:that's true
[Me]: