[Me]:     SuQin has joined
[Me]:     YingDang has joined
[Me]:     YingJi has joined
[Me]:     ZiLan has joined
[Me]:     HuangXie has joined
[Me]:     BaiQi has joined
[Me]:     MiShu has joined
[Me]:     MiYue has joined
[Me]:     MiYue:hi
[Me]:     MiYue:yueer
[Me]:     MiYue:hi
[Me]:     MiShu:hihi
[Me]:     BaiQi:wooo
[Me]:     BaiQi has left
[Me]:     MiYue has left
[Me]:     MiShu:lalala
[Me]:     MiShu:lalalalala
[Me]:     YingJi:YingJi
[Me]:     YingDang:YingDang
[Me]:     ZiLan:ZiLan
[Me]:     SuQin:SuQin
[Me]:[Me]:[Me]:     User SuQin is now muted
[Me]:[Me]:     User SuQin is now muted
[Me]:[Me]:     User SuQin is now muted
[Me]:[Me]:     User SuQin is now muted
[Me]:[Me]:     User SuQin is now muted
[Me]:     Huangxie: bottle
[Me]:     YingJi: fighting
[Me]:     YingDang: hualala
[Me]:     ZiLan:so sleepy
[Me]:[Me]:     User SuQin is now muted
[Me]:[Me]:     User SuQin is now muted
[Me]:[Me]:     User ZiLan is now muted
[Me]:[Me]:     User YingDang is now muted
[Me]:     Huangxie: bottle
[Me]:     YingJi: fighting
[Me]:[Me]:     User YingJi is now muted
[Me]:[Me]:     User HuangXie is now muted
[Me]:[Me]:     User HuangXie is now muted
[Me]:     Huangxie: bottle
[Me]:[Me]:     User HuangXie is now muted
[Me]:[Me]:     User YingJi is no longer muted
[Me]:     Huangxie: bottle
[Me]:     YingJi: fighting
[Me]:[Me]:     Incorrect arguments for set_nickname command
[Me]:     ZiLan changed their name to GongZiZiLan
[Me]:     GongZiZiLan has left
[Me]:[Me]:     Incorrect arguments for show_status command
[Me]:     Server has disconnected
