[Me]:     GuanJuer has joined
[Me]:     FanShengmei has joined
[Me]:     QuXiaoxiao has joined
[Me]:     Andy has joined
[Me]:     Andy:  Hallo.
[Me]:[Me]:     You set Andy's nickname to ANDI
[Me]:[Me]:     Incorrect arguments for set_nickname command
[Me]:     XiaoBaoZong has cleared XiaoBaoZong's nickname
[Me]:     GuanJuer has cleared Andy's nickname
[Me]:[Me]:     Incorrect arguments for clear_nickname command
[Me]:     XiaoBaoZong: set_nickname XiaoBaoZong BaoYifan
[Me]:[Me]:     Incorrect arguments for rename command
[Me]:[Me]:     Incorrect arguments for set_nickname command
[Me]:[Me]:     You have changed your name to Zhao
[Me]:[Me]:     Incorrect arguments for unmute command
[Me]:     FanShengmei: no artificial ingredients...
[Me]:     GuanJuer: this test has been long enough...
[Me]:[Me]:     XiaoBaoZong: ok bye guys
[Me]:[Me]:     You have left
