[Me]:     ChunXing has joined
[Me]:     GaoPin has joined
[Me]:     ShenXingyi has joined
[Me]:     ShenXingyi: hi
[Me]:     GaoPin: hallo
[Me]:     GaoPin set ShenXingyi's nickname to ChenXiao
[Me]:     ChenXiao:Hi!
[Me]:     GaoPin changed their name to ShaoDongjia
[Me]:     ShaoDongjia:This is my new name.
[Me]:[Me]:     Incorrect arguments for set_nickname command
[Me]:[Me]:     ShenXingyi set ShenXingyi's nickname to Hallo
[Me]:     Hallo:hi
[Me]:[Me]:     You set your nickname to SunLi
[Me]:[Me]:[Me]:     User ZhouYing
[Me]:     Nickname SunLi
[Me]:     User is not muted
[Me]:[Me]:     You have cleared your nickname
[Me]:[Me]:     User ZhouYing
[Me]:     User has no nickname
[Me]:     User is not muted
[Me]:[Me]:     You have cleared ShenXingyi's nickname
[Me]:[Me]:     User ShenXingyi
[Me]:     User has no nickname
[Me]:     User is not muted
[Me]:[Me]:     User ShenXingyi is now muted
[Me]:[Me]:     User ZhaoBaishi is now muted
[Me]:[Me]:     User ZhaoBaishi
[Me]:     User has no nickname
[Me]:     User is muted
[Me]:[Me]:     Incorrect arguments for show_status command
[Me]:     ChunXing:Yes.
[Me]:[Me]:     User ShenXingyi is no longer muted
[Me]:[Me]:     User ShenXingyi
[Me]:     User has no nickname
[Me]:     User is not muted
[Me]:     ShaoDongjia:HAHAHA***~~
[Me]:[Me]:     User ShenXingyi is no longer muted
[Me]:     ShaoDongjia:Whole Almonds.
[Me]:     ShaoDongjia set ShenXingyi's nickname to ErShaoYe
[Me]:     ShaoDongjia:talk talk talk bia bia bia
[Me]:     ErShaoYe:blablablablabla
[Me]:     ErShaoYe:FRESHLY HARVESTED FROM FAMILY IN CALIFORNIA
[Me]:     ShaoDongjia has left
[Me]:     ChunXing:Ah!
[Me]:     ErShaoYe:^_^
[Me]:     ShenXingyi has left
[Me]:[Me]:     You have left
