[Me]:     ZhouYing has joined
[Me]:     ZhaoBaishi has joined
[Me]:     GaoPin has joined
[Me]:     ShenXingyi has joined
[Me]:     ShenXingyi: hi
[Me]:     GaoPin: hallo
[Me]:     ZhaoBaishi:It's a nice day, isn't it?
[Me]:[Me]:     ShenXingyi:No, it's not!
[Me]:     GaoPin:HAHAHA***~~
[Me]:     GaoPin:Whole Almonds.
[Me]:     GaoPin set ShenXingyi's nickname to ErShaoYe
[Me]:     GaoPin set GaoPin's nickname to ShaoDongjia
[Me]:     ShaoDongjia:talk talk talk bia bia bia
[Me]:     ErShaoYe:blablablablabla
[Me]:     ErShaoYe:FRESHLY HARVESTED FROM FAMILY IN CALIFORNIA
[Me]:     GaoPin has left
[Me]:[Me]:     ErShaoYe:^_^
[Me]:     ShenXingyi has left
[Me]:     ZhouYing has left
[Me]: