[Me]:[Me]:     GaoPin set ShenXingyi's nickname to ChenXiao
[Me]:[Me]:     ZhouYing:......
[Me]:[Me]:     You set your nickname to Hallo
[Me]:[Me]:     ZhouYing set ZhouYing's nickname to SunLi
[Me]:     SunLi:lalala
[Me]:     ZhouYing has cleared ZhouYing's nickname
[Me]:     GaoPin has cleared ShenXingyi's nickname
[Me]:     GaoPin:Yes!!!Hahaha!@_@
[Me]:[Me]:     Server has disconnected
