[Me]:     YingDang has joined
[Me]:     YingJi has joined
[Me]:     ZiLan has joined
[Me]:     HuangXie has joined
[Me]:     BaiQi has joined
[Me]:     MiShu has joined
[Me]:     MiYue has joined
[Me]:     MiYue:hi
[Me]:     MiYue:yueer
[Me]:     MiYue:hi
[Me]:     MiShu:hihi
[Me]:     BaiQi:wooo
[Me]:     BaiQi has left
[Me]:     MiYue has left
[Me]:     MiShu:lalala
[Me]:     MiShu:lalalalala
[Me]:     YingJi:YingJi
[Me]:     YingDang:YingDang
[Me]:     ZiLan:ZiLan
[Me]:[Me]:     ZhangYi:ZhangYi
[Me]:     Huangxie: bottle
[Me]:[Me]:     YingJi: fighting
[Me]:     YingDang: hualala
[Me]:     ZiLan:so sleepy
[Me]:     Huangxie: bottle
[Me]:[Me]:     YingJi: fighting
[Me]:     YingDang: hualala
[Me]:     ZiLan:so sleepy
[Me]:     Huangxie: bottle
[Me]:[Me]:     YingJi: fighting
[Me]:     YingDang: hualala
[Me]:     ZiLan:so sleepy
[Me]:     Huangxie: bottle
[Me]:[Me]:     YingJi: fighting
[Me]:     YingDang: hualala
[Me]:     ZiLan:so sleepy
[Me]:     ZiLan changed their name to GongZiZiLan
[Me]:     GongZiZiLan has left
[Me]:[Me]:     User ZhangYi
[Me]:     User has no nickname
[Me]:     User is not muted
[Me]:[Me]:     Server has disconnected
