[Me]:     F has joined
[Me]:     E has joined
[Me]:     D has joined
[Me]:     C has joined
[Me]:     B has joined
[Me]:     A has joined
[Me]:     A: Hi
[Me]:     B: Hi
[Me]:     C: Hi
[Me]:     D: Hi
[Me]:     E: Hi
[Me]:     F: Hi
[Me]:[Me]:     H: Hi
[Me]:     I: Hi
[Me]:     J: Hi
[Me]:     A has left
[Me]:     B has left
[Me]:     C has left
[Me]:     D has left
[Me]:     E has left
[Me]:     F has left
[Me]: