[Me]:     ZhouYing has joined
[Me]:     ShenXingyi has joined
[Me]:     GaoPin has joined
[Me]:     GaoPin:Hi
[Me]:     ShenXingyi set GaoPin's nickname to 1
[Me]:     ShenXingyi set ShenXingyi's nickname to 3
[Me]:     ShenXingyi set ShenXingyi's nickname to 4
[Me]:     ZhouYing changed their name to SunLi
[Me]:     GaoPin has cleared ShenXingyi's nickname
[Me]:     GaoPin has cleared GaoPin's nickname
[Me]:     GaoPin changed their name to ShaoDongJia
[Me]:[Me]:     You set your nickname to ChunXinger
[Me]:[Me]:     You have left
