[Me]:[Me]:     Incorrect arguments for set_nickname command
[Me]:[Me]:     Incorrect arguments for set_nickname command
[Me]:[Me]:     Incorrect arguments for set_nickname command
[Me]:[Me]:     Incorrect arguments for set_nickname command
[Me]:[Me]:     Incorrect arguments for set_nickname command
[Me]:     MiShu set MiShu's nickname to HuangHou
[Me]:[Me]:     Incorrect arguments for set_nickname command
[Me]:[Me]:     Incorrect arguments for set_nickname command
[Me]:     YingJi has cleared YingJi's nickname
[Me]:     MiShu has left
[Me]:     YingJi:set_nickname YingJi HuangHou
[Me]:     YingJi:hahaha
[Me]:     YingJi:set_nickname YingJi QinWang
[Me]:     YingJi changed their name to QinWang
[Me]:[Me]:     You set your nickname to BaZi
[Me]:     YingDang:hi
[Me]:     YingDang has left
[Me]: