[Me]:     ChunChangZai has joined
[Me]:     ShenMeizhuang has joined
[Me]:     AnLingRong has joined
[Me]:     ZhenHuan has joined
[Me]:     AnLingRong has left
[Me]:     ShenMeizhuang changed their name to AnLingRong
[Me]:     AnLingRong:blablabla
[Me]:     ChunChangZai has left
[Me]:[Me]:     You have changed your name to ChunChangZai
[Me]:[Me]:[Me]:     Incorrect arguments for mute command
[Me]:[Me]:     Incorrect arguments for unmute command
[Me]:[Me]:     Incorrect arguments for mute command
[Me]:[Me]:     Incorrect arguments for unmute command
[Me]:[Me]:     Incorrect arguments for mute command
[Me]:[Me]:     Incorrect arguments for unmute command
[Me]:[Me]:     Incorrect arguments for mute command
[Me]:[Me]:     Incorrect arguments for unmute command
[Me]:[Me]:     User LiuZhu is now muted
[Me]:[Me]:     User HuanBi is now muted
[Me]:[Me]:     Incorrect arguments for show_status command
[Me]:[Me]:     User HuanBi
[Me]:     User has no nickname
[Me]:     User is muted
[Me]:[Me]:     You have left
