[Me]:[Me]:     User AnLingRong is now muted
[Me]:     AnLingRong has left
[Me]:     ShenMeizhuang changed their name to AnLingRong
[Me]:     AnLingRong:blablabla
[Me]:[Me]:     User AnLingRong is no longer muted
[Me]:[Me]:     Incorrect arguments for unmute command
[Me]:[Me]:     User HuaFei is now muted
[Me]:     ChunChangZai has left
[Me]:     HuaFei changed their name to ChunChangZai
[Me]:     LiuZhu:lalala
[Me]:     HuanBi:blablabla
[Me]:     ChunChangZai has left
[Me]:     Server has disconnected
