[Me]:     GuoJinWang has joined
[Me]:     ShenMeizhuang has joined
[Me]:     AnLingRong has joined
[Me]:     ZhenHuan has joined
[Me]:     AnLingRong has left
[Me]:     ShenMeizhuang changed their name to AnLingRong
[Me]:     AnLingRong:blablabla
[Me]:     GuoJinWang:hi
[Me]:[Me]:     You have left
