[Me]:     LiuZhu has joined
[Me]:     HuaFei has joined
[Me]:     ChunChangZai has joined
[Me]:     ShenMeizhuang has joined
[Me]:     AnLingRong has joined
[Me]:     ZhenHuan has joined
[Me]:     AnLingRong has left
[Me]:     ShenMeizhuang changed their name to AnLingRong
[Me]:     AnLingRong:blablabla
[Me]:     ChunChangZai has left
[Me]:     HuaFei changed their name to ChunChangZai
[Me]:     ChunChangZai:is this correct?
[Me]:     LiuZhu:lalala
[Me]:[Me]:     ChunChangZai has left
[Me]:[Me]:     User HuanBi
[Me]:     User has no nickname
[Me]:     User is not muted
[Me]:     Server has disconnected
