[Me]:     ZhaoBaiShi has joined
[Me]:     ChunXing has joined
[Me]:     GaoPin has joined
[Me]:     ShenXingYi has joined
[Me]:     ShenXingYi: Hi!
[Me]:     ShenXingYi:hahahahahhahahahahhahahahahhahahahahhahahahahhahahahahhahahahahhahahahahiiiiiiiidsvdsadsadsasahahahahahhahahahahhahahahahhahahahahhahahahahhahahahahhahahahahhahahahahiiiiiiiidsvdsadsadsasahahahahahhahahahahhahahahahhahahahahhahahahahhahahahahhahahahahhahahahahiiiiiiiidsvdsadsadsasahahahahahhahahahahhahahahahhahahahahhahahahahhahahahahhahahahahhahahahahiiiiiiiidsvdsadsadsasahahahahahhahahahahhahahahahhahahahahhahahahahhahahahahhahahahahhahahahahiiiiiiiidsvdsadsadsasahahahahahhahahahahhahahahahhahahahahhahahahahhahahahahhahahahahhahahahahiiiiiiiidsvdsadsadsasahahahahahhahahahahhahahahahhaahahahhahahahahhahahahahhahahahahhahahahahiiiiiiiidsvdsadsadsasahahahahahhahahahahhahahahahhahahahahiiiiidssadasadsasahahahahahhahahahahhahahahahhahahahahhahahahahhahahahahiiiii
[Me]:     ShenXingYi set ShenXingYi's nickname to ErShaoYe
[Me]:     GaoPin has left
[Me]:     ShenXingYi set ChunXing's nickname to GaoPin
[Me]:     GaoPin:lalala
[Me]:     ChunXing set ChunXing's nickname to Xinger
[Me]:     Xinger:lalala1
[Me]:     ChunXing has cleared ChunXing's nickname
[Me]:     ChunXing:lalala111
[Me]:     ChunXing has cleared ChunXing's nickname
[Me]:     ChunXing:lalala11111
[Me]:     ChunXing changed their name to ChunXinger
[Me]:     ChunXinger:Hi
[Me]:     ShenXingYi changed their name to NanZhu
[Me]:     ErShaoYe:hi
[Me]:     ErShaoYe:clear_nickname NanZhu
[Me]:     ErShaoYe:hihihi
[Me]:     NanZhu changed their name to GaoPin
[Me]:     ChunXinger:hihihihi
[Me]:     ZhaoBaiShi has left
[Me]:[Me]:     You have changed your name to ZhaoBaiShi
[Me]:[Me]:     ErShaoYe:en
[Me]:     ChunXinger:hhh mute You
[Me]:     ErShaoYe: i can still speak!!
[Me]:     GaoPin changed their name to ChenXiao
[Me]:     ErShaoYe: i can still speak!!!!
[Me]:     ZhouLaoSi has left
[Me]:     QianHong:hi
[Me]:     QianHong:hello
[Me]:     ZhouYing:hi
[Me]:     ZhouYing:hihihi
[Me]:     ZhouYing has cleared ZhouYing's nickname
[Me]:     ZhouYing changed their name to SunLi
[Me]:     SunLi has left
[Me]:     ErShaoYe:hi
[Me]:     ErShaoYe:\    rename  lallalalaal
[Me]:     ErShaoYe:hallo
[Me]:     ErShaoYe:\    rename  lallalalaallala
[Me]:     ErShaoYe:hallo
[Me]:     ChunXinger:hi
[Me]:     BaoLai has left
[Me]:     ChunXinger:Bytes
[Me]:     ErShaoYe:that's true
[Me]:     Server has disconnected
