[Me]:     ChunXing has joined
[Me]:     GaoPin has joined
[Me]:     ShenXingYi has joined
[Me]:     ShenXingYi: Hi!
[Me]:     ShenXingYi:hahahahahhahahahahhahahahahhahahahahhahahahahhahahahahhahahahahhahahahahiiiiiiiidsvdsadsadsasahahahahahhahahahahhahahahahhahahahahhahahahahhahahahahhahahahahhahahahahiiiiiiiidsvdsadsadsasahahahahahhahahahahhahahahahhahahahahhahahahahhahahahahhahahahahhahahahahiiiiiiiidsvdsadsadsasahahahahahhahahahahhahahahahhahahahahhahahahahhahahahahhahahahahhahahahahiiiiiiiidsvdsadsadsasahahahahahhahahahahhahahahahhahahahahhahahahahhahahahahhahahahahhahahahahiiiiiiiidsvdsadsadsasahahahahahhahahahahhahahahahhahahahahhahahahahhahahahahhahahahahhahahahahiiiiiiiidsvdsadsadsasahahahahahhahahahahhahahahahhaahahahhahahahahhahahahahhahahahahhahahahahiiiiiiiidsvdsadsadsasahahahahahhahahahahhahahahahhahahahahiiiiidssadasadsasahahahahahhahahahahhahahahahhahahahahhahahahahhahahahahiiiii
[Me]:     ShenXingYi set ShenXingYi's nickname to ErShaoYe
[Me]:     GaoPin has left
[Me]:     ShenXingYi set ChunXing's nickname to GaoPin
[Me]:     GaoPin:lalala
[Me]:     ChunXing set ChunXing's nickname to Xinger
[Me]:     Xinger:lalala1
[Me]:     ChunXing has cleared ChunXing's nickname
[Me]:     ChunXing:lalala111
[Me]:     ChunXing has cleared ChunXing's nickname
[Me]:     ChunXing:lalala11111
[Me]:     ChunXing changed their name to ChunXinger
[Me]:     ChunXinger:Hi
[Me]:     ShenXingYi changed their name to NanZhu
[Me]:     ErShaoYe:hi
[Me]:     ErShaoYe:clear_nickname NanZhu
[Me]:     ErShaoYe:hihihi
[Me]:     NanZhu changed their name to GaoPin
[Me]:     ChunXinger:hihihihi
[Me]:[Me]:     You have left
