[Me]:     GaoPin has joined
[Me]:     GaoPin:Hi
[Me]:[Me]:     You set GaoPin's nickname to 1
[Me]:[Me]:     Incorrect arguments for set_nickname command
[Me]:[Me]:     You set your nickname to 3
[Me]:[Me]:     You set your nickname to 4
[Me]:[Me]:     User GaoPin
[Me]:     Nickname 1
[Me]:     User is not muted
[Me]:[Me]:     User ShenXingyi
[Me]:     Nickname 4
[Me]:     User is not muted
[Me]:     ZhouYing changed their name to SunLi
[Me]:     GaoPin has cleared ShenXingyi's nickname
[Me]:     GaoPin has cleared GaoPin's nickname
[Me]:     GaoPin changed their name to ShaoDongJia
[Me]:     ChunXing set ChunXing's nickname to ChunXinger
[Me]:     ChunXing has left
[Me]:[Me]:     ShaoDongJia:hahaha
[Me]:[Me]:     You have left
