[Me]:     HuangXie has joined
[Me]:     ShaoSiMing has joined
[Me]:     YingDang has joined
[Me]:     YingJi has joined
[Me]:     MiShu has joined
[Me]:     MiYue has joined
[Me]:     MiYue:hi!
[Me]:     MiShu set MiYue's nickname to YueMeimei
[Me]:     YueMeimei:urban environment
[Me]:     YingJi: hello
[Me]:     YingDang has left
[Me]:     ShaoSiMing set ShaoSiMing's nickname to YingDang
[Me]:     YingDang:DalaDalaDa
[Me]:     HuangXie has cleared MiYue's nickname
[Me]:     MiYue:lalala
[Me]:[Me]:     You have cleared ZiLan's nickname
[Me]:     ZiLan:Hi
[Me]:     ZiLan set ZiLan's nickname to GongZiZiLan
[Me]:     GongZiZiLan:Hi2
[Me]:     ZiLan has left
[Me]:     SuQin has left
[Me]:[Me]:     You have changed your name to ShaShen
[Me]:[Me]:     ZhangYi set MiYue's nickname to MiBaZi
[Me]:     MiBaZi:lalala lalala lalala
[Me]:     MiYue changed their name to BaZi
[Me]:     MiBaZi:lalala lalala lalala 2
[Me]:     MiBaZi:lalala lalala lalala 2
[Me]:     BaZi changed their name to ZiLan
[Me]:     MiBaZi:lalala lalala lalala 2
[Me]:     MiShu changed their name to Queen
[Me]:     Queen: ::::::
[Me]:     Queen:bye
[Me]:     Queen:byebye
[Me]:     Queen changed their name to SuQin
[Me]:     SuQin:hihihi
[Me]: