[Me]:     BaiQi has joined
[Me]:     HuangXie has joined
[Me]:     ShaoSiMing has joined
[Me]:     YingDang has joined
[Me]:     YingJi has joined
[Me]:     MiShu has joined
[Me]:     MiYue has joined
[Me]:     MiYue:hi!
[Me]:     MiShu set MiYue's nickname to YueMeimei
[Me]:     YueMeimei:urban environment
[Me]:     YingJi: hello
[Me]:     YingDang has left
[Me]:     ShaoSiMing set ShaoSiMing's nickname to YingDang
[Me]:     YingDang:DalaDalaDa
[Me]:     HuangXie has cleared MiYue's nickname
[Me]:     MiYue:lalala
[Me]:     BaiQi has cleared ZiLan's nickname
[Me]:[Me]:[Me]:     You set your nickname to GongZiZiLan
[Me]:[Me]:[Me]:     You have left
