[Me]:     ShenXingyi has joined
[Me]:     ShenXingyi:Hi
[Me]:[Me]:     Incorrect arguments for set_nickname command
[Me]:[Me]:     You set ShenXingyi's nickname to ChenXiao
[Me]:     ChenXiao:Hi!
[Me]:     ZhouYing:......
[Me]:     ShenXingyi set ShenXingyi's nickname to Hallo
[Me]:     Hallo:hi
[Me]:     ZhouYing set ZhouYing's nickname to SunLi
[Me]:     SunLi:lalala
[Me]:     Server has disconnected
