[Me]:     HuangXie has joined
[Me]:     BaiQi has joined
[Me]:     MiShu has joined
[Me]:     MiYue has joined
[Me]:     MiYue:hi
[Me]:     MiYue:yueer
[Me]:     MiYue:hi
[Me]:     MiShu:hihi
[Me]:     BaiQi:wooo
[Me]:     BaiQi has left
[Me]:     MiYue has left
[Me]:     MiShu:lalala
[Me]:     MiShu:lalalalala
[Me]:[Me]:     User HuangXie is no longer muted
[Me]:[Me]:     Incorrect arguments for unmute command
[Me]:     YingJi:YingJi
[Me]:     YingDang:YingDang
[Me]:[Me]:     SuQin:SuQin
[Me]:     ZhangYi:ZhangYi
[Me]:     Huangxie: bottle
[Me]:     SuQin:lian heng
[Me]:     YingJi: fighting
[Me]:     YingDang: hualala
[Me]:[Me]:     Huangxie: bottle
[Me]:     SuQin:lian heng
[Me]:     YingJi: fighting
[Me]:     YingDang: hualala
[Me]:[Me]:     Huangxie: bottle
[Me]:     SuQin:lian heng
[Me]:     YingJi: fighting
[Me]:     YingDang: hualala
[Me]:[Me]:     Huangxie: bottle
[Me]:     SuQin:lian heng
[Me]:     YingJi: fighting
[Me]:     YingDang: hualala
[Me]:[Me]:[Me]:     You have changed your name to GongZiZiLan
[Me]:[Me]:     Incorrect arguments for show_status command
[Me]:[Me]:     You have left
