[Me]:     2 has joined
[Me]:     1 has joined
[Me]:     1:Hi
[Me]:     2:  Hallo
[Me]:[Me]:     User 4 is now muted
[Me]:[Me]:     You set your nickname to three
[Me]:     4 has cleared 3's nickname
[Me]:     6 has left
[Me]:     7:hi
[Me]:     8:hi
[Me]:     8:hi
[Me]:     Server has disconnected
